// Jest Snapshot v1, https://goo.gl/fbAQLP

exports[`renders correctly 1`] = `
<Styled(View)>
  <Styled(View)>
    <Styled(Text)>
      <Styled(Text)>
        Connect 
      </Styled(Text)>
      <Styled(Styled(Text))>
        “
        Untitled block
        “
      </Styled(Styled(Text))>
      <Styled(Text)>
         to
      </Styled(Text)>
    </Styled(Text)>
  </Styled(View)>
  <Styled(View)>
    <Styled(TouchableOpacity)
      onPress={[Function]}
      style={
        Object {
          "backgroundColor": "rgb(250, 242, 242)",
          "borderColor": "rgb(165, 0, 0)",
        }
      }
    >
      <Styled(Icon)
        color="rgb(165, 0, 0)"
        name="ios-close-outline"
        size={20}
      />
      <Styled(Text)
        style={
          Object {
            "color": "rgb(165, 0, 0)",
          }
        }
      >
        Round things
      </Styled(Text)>
    </Styled(TouchableOpacity)>
    <Styled(TouchableOpacity)
      onPress={[Function]}
      style={
        Object {
          "backgroundColor": "rgb(250, 242, 242)",
          "borderColor": "rgb(165, 0, 0)",
        }
      }
    >
      <Styled(Icon)
        color="rgb(165, 0, 0)"
        name="ios-close-outline"
        size={20}
      />
      <Styled(Text)
        style={
          Object {
            "color": "rgb(165, 0, 0)",
          }
        }
      >
        Square things
      </Styled(Text)>
    </Styled(TouchableOpacity)>
  </Styled(View)>
</Styled(View)>
`;
