// Jest Snapshot v1, https://goo.gl/fbAQLP

exports[`renders correctly 1`] = `
<TouchableOpacity
  activeOpacity={0.2}
  focusedOpacity={0.7}
  onPress={[Function]}
  style={
    Object {
      "paddingHorizontal": 10,
      "paddingRight": 10,
    }
  }
>
  <Text
    accessible={true}
    allowFontScaling={true}
    disabled={false}
    ellipsizeMode="tail"
    style={
      Object {
        "color": "#585858",
        "fontSize": 12,
        "fontWeight": "bold",
      }
    }
  >
    Done
  </Text>
</TouchableOpacity>
`;
